[0m21:28:38.736469 [debug] [MainThread]: Sending event: {'category': 'dbt', 'action': 'invocation', 'label': 'start', 'context': [<snowplow_tracker.self_describing_json.SelfDescribingJson object at 0x00000158CA9D97F0>, <snowplow_tracker.self_describing_json.SelfDescribingJson object at 0x00000158CCF6BED0>, <snowplow_tracker.self_describing_json.SelfDescribingJson object at 0x00000158CCF6BB10>]}


============================== 21:28:38.739696 | 0b41fb7e-2cee-4972-8b5b-c6fc43add054 ==============================
[0m21:28:38.739696 [info ] [MainThread]: Running with dbt=1.12.0
[0m21:28:38.740228 [debug] [MainThread]: running dbt with arguments {'maximum_seed_size_mib': '1', 'no_print': 'None', 'static_parser': 'True', 'warn_error_options': 'WarnErrorOptionsV2(error=[], warn=[], silence=[])', 'target_path': 'None', 'version_check': 'True', 'printer_width': '80', 'write_json': 'True', 'introspect': 'True', 'log_cache_events': 'False', 'empty': 'None', 'cache_selected_only': 'False', 'fail_fast': 'False', 'debug': 'False', 'log_format': 'default', 'profiles_dir': 'C:\\Users\\bsiva\\.dbt', 'send_anonymous_usage_stats': 'True', 'quiet': 'False', 'warn_error': 'None', 'partial_parse': 'True', 'use_colors': 'True', 'hints_enabled': 'True', 'indirect_selection': 'eager', 'use_experimental_parser': 'False', 'invocation_command': 'dbt init my_transformations', 'log_path': 'logs'}
[0m21:28:38.751875 [info ] [MainThread]: Creating dbt configuration folder at C:\Users\bsiva\.dbt
[0m21:28:38.754313 [debug] [MainThread]: Starter project path: C:\Users\bsiva\AppData\Local\Programs\Python\Python313\Lib\site-packages\dbt\include\starter_project
[0m21:28:38.767811 [info ] [MainThread]: Setting up your profile.
[0m21:28:47.524746 [info ] [MainThread]: Profile my_transformations written to C:\Users\bsiva\.dbt\profiles.yml using target's sample configuration. Once updated, you'll be able to start developing with dbt.
[0m21:28:47.526650 [info ] [MainThread]: Running dbt debug to validate the project...
[0m21:28:47.527467 [info ] [MainThread]: dbt version: 1.12.0
[0m21:28:47.528316 [info ] [MainThread]: python version: 3.13.15
[0m21:28:47.528680 [info ] [MainThread]: python path: C:\Users\bsiva\AppData\Local\Programs\Python\Python313\python.exe
[0m21:28:47.528910 [info ] [MainThread]: os info: Windows-11-10.0.26200-SP0
[0m21:28:47.577118 [info ] [MainThread]: Using profiles dir at C:\Users\bsiva\.dbt
[0m21:28:47.577909 [info ] [MainThread]: Using profiles.yml file at C:\Users\bsiva\.dbt\profiles.yml
[0m21:28:47.578305 [info ] [MainThread]: Using dbt_project.yml file at C:\elt-project\my_transformations\dbt_project.yml
[0m21:28:47.580782 [info ] [MainThread]: adapter type: duckdb
[0m21:28:47.581276 [info ] [MainThread]: adapter version: 1.11.0
[0m21:28:47.683239 [info ] [MainThread]: Configuration:
[0m21:28:47.684076 [info ] [MainThread]:   profiles.yml file [[32mOK found and valid[0m]
[0m21:28:47.684448 [info ] [MainThread]:   dbt_project.yml file [[32mOK found and valid[0m]
[0m21:28:47.684693 [info ] [MainThread]: Required dependencies:
[0m21:28:47.684930 [debug] [MainThread]: Executing "git --help"
[0m21:28:47.779902 [debug] [MainThread]: STDOUT: "b"usage: git [-v | --version] [-h | --help] [-C <path>] [-c <name>=<value>]\n           [--exec-path[=<path>]] [--html-path] [--man-path] [--info-path]\n           [-p | --paginate | -P | --no-pager] [--no-replace-objects] [--no-lazy-fetch]\n           [--no-optional-locks] [--no-advice] [--bare] [--git-dir=<path>]\n           [--work-tree=<path>] [--namespace=<name>] [--config-env=<name>=<envvar>]\n           <command> [<args>]\n\nThese are common Git commands used in various situations:\n\nstart a working area (see also: git help tutorial)\n   clone      Clone a repository into a new directory\n   init       Create an empty Git repository or reinitialize an existing one\n\nwork on the current change (see also: git help everyday)\n   add        Add file contents to the index\n   mv         Move or rename a file, a directory, or a symlink\n   restore    Restore working tree files\n   rm         Remove files from the working tree and from the index\n\nexamine the history and state (see also: git help revisions)\n   bisect     Use binary search to find the commit that introduced a bug\n   diff       Show changes between commits, commit and working tree, etc\n   grep       Print lines matching a pattern\n   log        Show commit logs\n   show       Show various types of objects\n   status     Show the working tree status\n\ngrow, mark and tweak your common history\n   backfill   Download missing objects in a partial clone\n   branch     List, create, or delete branches\n   commit     Record changes to the repository\n   history    EXPERIMENTAL: Rewrite history\n   merge      Join two or more development histories together\n   rebase     Reapply commits on top of another base tip\n   reset      Set `HEAD` or the index to a known state\n   switch     Switch branches\n   tag        Create, list, delete or verify tags\n\ncollaborate (see also: git help workflows)\n   fetch      Download objects and refs from another repository\n   pull       Fetch from and integrate with another repository or a local branch\n   push       Update remote refs along with associated objects\n\n'git help -a' and 'git help -g' list available subcommands and some\nconcept guides. See 'git help <command>' or 'git help <concept>'\nto read about a specific subcommand or concept.\nSee 'git help git' for an overview of the system.\n""
[0m21:28:47.780326 [debug] [MainThread]: STDERR: "b''"
[0m21:28:47.780574 [info ] [MainThread]:  - git [[32mOK found[0m]

[0m21:28:47.781000 [info ] [MainThread]: Connection:
[0m21:28:47.781556 [info ] [MainThread]:   database: dev
[0m21:28:47.781946 [info ] [MainThread]:   schema: main
[0m21:28:47.782224 [info ] [MainThread]:   path: dev.duckdb
[0m21:28:47.782440 [info ] [MainThread]:   config_options: None
[0m21:28:47.782661 [info ] [MainThread]:   extensions: None
[0m21:28:47.782878 [info ] [MainThread]:   settings: {}
[0m21:28:47.783086 [info ] [MainThread]:   external_root: .
[0m21:28:47.783285 [info ] [MainThread]:   use_credential_provider: None
[0m21:28:47.783491 [info ] [MainThread]:   attach: None
[0m21:28:47.783686 [info ] [MainThread]:   filesystems: None
[0m21:28:47.783887 [info ] [MainThread]:   remote: None
[0m21:28:47.784080 [info ] [MainThread]:   plugins: None
[0m21:28:47.784333 [info ] [MainThread]:   disable_transactions: False
[0m21:28:47.784708 [info ] [MainThread]: Registered adapter: duckdb=1.11.0
[0m21:28:47.946316 [debug] [MainThread]: Acquiring new duckdb connection 'debug'
[0m21:28:48.036598 [debug] [MainThread]: Using duckdb connection "debug"
[0m21:28:48.036922 [debug] [MainThread]: On debug: select 1 as id
[0m21:28:48.037118 [debug] [MainThread]: Opening a new connection, currently in state init
[0m21:28:48.050144 [debug] [MainThread]: SQL status: OK in 0.013 seconds
[0m21:28:48.050914 [debug] [MainThread]: On debug: Close
[0m21:28:48.051203 [info ] [MainThread]:   Connection test: [[32mOK connection ok[0m]

[0m21:28:48.051578 [info ] [MainThread]: [32mAll checks passed![0m
[0m21:28:48.052019 [info ] [MainThread]: Your new dbt project "my_transformations" was created!
Initialized new project in C:\elt-project\my_transformations\my_transformations

For more information on how to configure the profiles.yml file,
please consult the dbt documentation here:

  https://docs.getdbt.com/docs/configure-your-profile

One more thing:

Need help? Don't hesitate to reach out to us via GitHub issues or on Slack:

  https://community.getdbt.com/

Happy modeling!

[0m21:28:48.052989 [debug] [MainThread]: Command `dbt init` succeeded at 21:28:48.052887 after 9.52 seconds
[0m21:28:48.053219 [debug] [MainThread]: Connection 'debug' was properly closed.
[0m21:28:48.053441 [debug] [MainThread]: Sending event: {'category': 'dbt', 'action': 'invocation', 'label': 'end', 'context': [<snowplow_tracker.self_describing_json.SelfDescribingJson object at 0x00000158CCDAED70>, <snowplow_tracker.self_describing_json.SelfDescribingJson object at 0x00000158CCE25FD0>, <snowplow_tracker.self_describing_json.SelfDescribingJson object at 0x00000158CD23FBD0>]}
[0m21:28:48.053799 [debug] [MainThread]: Flushing usage events
[0m21:28:48.917829 [debug] [MainThread]: An error was encountered while trying to flush usage events
